<html>
<body>
<pre>
<h1>µVision Build Log</h1>
<h2>Project:</h2>
C:\Users\Marina\Desktop\InputOutput_4C123\InputOutput.uvproj
Project File Date:  03/31/2018

<h2>Output:</h2>
Build target 'InputOutput'
compiling InputOutput.c...
nums on 3 displays.h(39): warning:  #1-D: last line of file ends without a newline
  void num3_9(void);
InputOutput.c: 1 warning, 0 errors
linking...
Program Size: Code=2996 RO-data=32 RW-data=8 ZI-data=1120  
".\InputOutput.axf" - 0 Error(s), 1 Warning(s).
Load "C:\\Users\\Marina\\Desktop\\InputOutput_4C123\\InputOutput.axf" 
Connecting: Mode=JTAG, Speed=1000000Hz
Erase Done.
Programming Done.
Verify OK.
</pre>
</body>
</html>
Keil_v5\TExaSware\ULTRASONIC SENSOR\display 1.c: 1 warning, 0 errors
compiling display 2.c...
C:\Keil_v5\TExaSware\ULTRASONIC SENSOR\display 2.c(33): warning:  #1-D: last line of file ends without a newline
  */
C:\Keil_v5\TExaSware\ULTRASONIC SENSOR\display 2.c: 1 warning, 0 errors
compiling display 3.c...
C:\Keil_v5\TExaSware\ULTRASONIC SENSOR\display 3.c(33): warning:  #1-D: last line of file ends without a newline
  */
C:\Keil_v5\TExaSware\ULTRASONIC SENSOR\display 3.c: 1 warning, 0 errors
compiling nums on 3 displays.c...
C:\Keil_v5\TExaSware\ULTRASONIC SENSOR\nums on 3 displays.h(39): warning:  #1-D: last line of file ends without a newline
  void num3_9(void);
C:\Keil_v5\TExaSware\ULTRASONIC SENSOR\nums on 3 displays.c: 1 warning, 0 errors
linking...
Program Size: Code=4368 RO-data=32 RW-data=8 ZI-data=1120  
".\InputOutput.axf" - 0 Error(s), 6 Warning(s).
Load "C:\\Users\\Marina\\Desktop\\InputOutput_4C123\\InputOutput.axf" 
Connecting: Mode=JTAG, Speed=1000000Hz
Erase Done.
Programming Done.
Verify OK.
ash Download failed  -  Target DLL has been cancelled
000000Hz
Erase Done.
Programming Done.
Verify OK.
utOutput_4C123\\InputOutput.axf" 
_____^
*** error 56: cannot open file
Error: Flash Download failed  -  Could not load file 'C:\Users\Marina\Desktop\InputOutput_4C123\InputOutput.axf'
